../Core/Src/main.c:136:6:ProcessAxis	24	static
../Core/Src/main.c:184:5:main	40	static,ignoring_inline_asm
../Core/Src/main.c:441:6:SystemClock_Config	160	static
../Core/Src/main.c:491:13:MX_TIM2_Init	56	static
../Core/Src/main.c:540:13:MX_TIM3_Init	56	static
../Core/Src/main.c:589:13:MX_TIM6_Init	24	static
../Core/Src/main.c:627:13:MX_USART2_UART_Init	8	static
../Core/Src/main.c:660:13:MX_DMA_Init	16	static
../Core/Src/main.c:681:13:MX_GPIO_Init	48	static
../Core/Src/main.c:737:6:HAL_UARTEx_RxEventCallback	16	static
../Core/Src/main.c:758:6:HAL_TIM_PeriodElapsedCallback	16	static
../Core/Src/main.c:769:6:HAL_GPIO_EXTI_Callback	24	static
../Core/Src/main.c:863:6:Error_Handler	4	static,ignoring_inline_asm
